slotstream memory plan (--memory-gb)
  device: 34 GB RAM (30.3 GB reclaimable now), 30.1 GB Metal working set
  target: 10.0 GB total process budget, not a RAM usage goal
  cache:  ~17 of 512 experts per layer  (833 global slots = 2.3 GB pool)
  plan:   ~9.0 GB full-workload envelope, ~3 tok/s warm decode (est. from M5 Pro anchors)
  memory: 2.3 GB expert cache at load; 6.7 GB allowed for runtime, context and workspace; 1.0 GB budget headroom. Short requests can use less.
  disk:   that estimate assumes an SSD like the one it was measured on (17.3 GB/s). A base-storage Mac mini M2 reads 1.5 GB/s and decoded at 1.41 tok/s against a ~4 estimate, so on base storage expect well under the number above — see docs/HARDWARE.md
  prefill: 256 tokens per pass (~85 tok/s here; costs ~0.3 GB of the target)
  vision: images accepted — first image reserves +0.9 GB inside the target; refused if it cannot fit
  context: up to 32768 tokens per request (prompt + reply); a full-length prompt takes ~6.4 min before its first token here, follow-up turns read only what is new
  reuse:  up to 11967 tokens across 4 conversations (~0.7 GB), so a follow-up turn re-prefills only what is new
  lookahead: on, expert prefetch in plain decode, router cache and a GPU barrier every 4 layers (373 MiB, charged above)
  window: automatic for this Mac, 32768 tokens: the largest of 32768, 65536, 131072, 262144 that keeps speculative decoding, retains one complete conversation and adds at most 10% to the estimated request time without an unmeasured cache tradeoff; --max-context N chooses another window up to 262144
[expert-lookahead] boundary forecast: no correction at lookahead/tap-correction-attention-rank128-v1.safetensors; `slotstream pull` downloads it (37.5 MB) for the faster corrected forecast
engine ready in 1.5s: expert cache ~17/512 per layer (833 global slots = 2.3 GB), eos [248044, 248046]
prompt tokens: 18 (~0 s to the first token at this plan)

-- prefill 18 tok in 4.56s (3.9 tok/s)
-- prefill split: io 3.91s + scatter 0.00s | 3422 records (9.5 GB, 2.4 GB/s)
-- decode 24 tok in 10.00s (2.40 tok/s)
-- decode split: io 5.60s + scatter 0.00s | 2973 records
-- expert cache ~17/512 experts per layer, hit rate 0.411 | ngram rows 0h/368m | sampled footprint peak 5.619 GB | total 14.6s
